[2025-08-21T07:32:17.261Z] INFO: 🎯 PICKED UP ISSUE {"message":"Started processing issue #9: Add UI Color Theme to the Frontned","data":{}}
[2025-08-21T07:32:17.261Z] INFO: 🔍 ANALYZING ISSUE {"message":"Starting issue analysis and classification","data":{}}
[2025-08-21T07:32:17.262Z] INFO: 📊 ANALYSIS COMPLETE {"message":"Issue analysis completed","data":{"type":"enhancement","complexity":"simple","risk":"low","requiredAgents":["frontend"],"autoImplement":true}}
[2025-08-21T07:32:17.262Z] INFO: Issue processing started {"issueNumber":"9","title":"Add UI Color Theme to the Frontned","type":"enhancement","complexity":"simple","risk":"low","agents":["frontend"]}
[2025-08-21T07:32:17.263Z] INFO: 🚀 STARTING AUTO-IMPLEMENTATION {"message":"Spawning specialized agents: frontend","data":{"agents":["frontend"],"type":"enhancement","complexity":"simple"}}
[2025-08-21T07:32:17.264Z] INFO: Issue registered for coordination {"issueNumber":"9","requiredAgents":["frontend"],"orderedAgents":["frontend"]}
[2025-08-21T07:32:17.265Z] INFO: 🤖 WORKING ON IT {"message":"Executing frontend agent for specialized implementation","data":{"agentType":"frontend","issueNumber":"9"}}
[2025-08-21T07:32:17.265Z] INFO: Resource locks acquired {"agentType":"frontend","issueNumber":"9","resources":["frontend-ui","react-components"]}
[2025-08-21T07:32:19.271Z] INFO: ✅ AGENT COMPLETED {"message":"frontend agent finished execution","data":{"success":true,"duration":"2s","agentType":"frontend"}}
[2025-08-21T07:32:19.272Z] SUCCESS: Agent frontend execution completed {"agentType":"frontend","duration":2006}
[2025-08-21T07:32:19.273Z] INFO: Resource locks released {"agentType":"frontend","issueNumber":"9","resources":["frontend-ui","react-components"]}
[2025-08-21T07:32:19.273Z] SUCCESS: Agent completion recorded {"issueId":"issue-9","agentType":"frontend","success":true,"remainingAgents":0}
[2025-08-21T07:32:19.273Z] INFO: 💾 MADE CHANGES {"message":"Code changes completed successfully, creating pull request","data":{"successfulAgents":["frontend"],"totalAgents":1}}
[2025-08-21T07:32:19.274Z] INFO: 🔀 CREATING PR {"message":"Generating pull request with comprehensive description","data":{}}
[2025-10-06T07:44:01.731Z] INFO: 🎯 PICKED UP ISSUE {"message":"Started processing issue #43: Enhanced Theme Features","data":{}}
[2025-10-06T07:44:01.732Z] INFO: 🔍 ANALYZING ISSUE {"message":"Starting issue analysis and classification","data":{}}
[2025-10-06T07:44:01.733Z] INFO: 📊 ANALYSIS COMPLETE {"message":"Issue analysis completed","data":{"type":"feature","complexity":"simple","risk":"low","requiredAgents":["frontend"],"autoImplement":true}}
[2025-10-06T07:44:01.733Z] INFO: Issue processing started {"issueNumber":"43","title":"Enhanced Theme Features","type":"feature","complexity":"simple","risk":"low","agents":["frontend"]}
[2025-10-06T07:44:01.733Z] INFO: 🚀 STARTING AUTO-IMPLEMENTATION {"message":"Spawning specialized agents: frontend","data":{"agents":["frontend"],"type":"feature","complexity":"simple"}}
[2025-10-06T07:44:01.734Z] INFO: Issue registered for coordination {"issueNumber":"43","requiredAgents":["frontend"],"orderedAgents":["frontend"]}
[2025-10-06T07:44:01.735Z] INFO: 🤖 WORKING ON IT {"message":"Executing frontend agent for specialized implementation","data":{"agentType":"frontend","issueNumber":"43"}}
[2025-10-06T07:44:03.741Z] INFO: ✅ AGENT COMPLETED {"message":"frontend agent finished execution","data":{"success":true,"duration":"2s","agentType":"frontend"}}
[2025-10-06T07:44:03.742Z] INFO: 💾 MADE CHANGES {"message":"Code changes completed successfully, creating pull request","data":{"successfulAgents":["frontend"],"totalAgents":1}}
[2025-10-06T07:44:03.742Z] INFO: 🔀 CREATING PR {"message":"Generating pull request with comprehensive description","data":{}}
